---
source: tests/edit.rs
expression: flake_edit.list()
info:
  flake_nix: ""
  changes:
    - None
---
also-not-a-flake:
  id: also-not-a-flake
  flake: false
  url: "\"github:a-kenji/also-not-a-flake\""
  follows: []
  range:
    start: 72
    end: 88
crane:
  id: crane
  flake: true
  url: "\"github:ipetkov/crane\""
  follows:
    - Indirect:
        - flake-utils
        - "\"flake-utils\""
    - Indirect:
        - nixpkgs
        - "\"nixpkgs\""
    - Indirect:
        - rust-overlay
        - "\"rust-overlay\""
  range:
    start: 462
    end: 484
flake-utelinos:
  id: flake-utelinos
  flake: true
  url: "\"github:numtide/flake-utils\""
  follows: []
  range:
    start: 248
    end: 276
nixpkgs:
  id: nixpkgs
  flake: true
  url: "\"github:nixos/nixpkgs/nixos-unstable\""
  follows: []
  range:
    start: 184
    end: 221
not-a-flake:
  id: not-a-flake
  flake: false
  url: "\"github:a-kenji/not-a-flake\""
  follows: []
  range:
    start: 664
    end: 692
rust-overlay:
  id: rust-overlay
  flake: true
  url: "\"github:oxalica/rust-overlay\""
  follows:
    - Indirect:
        - flake-utils
        - "\"flake-utils\""
    - Indirect:
        - nixpkgs
        - "\"nixpkgs\""
  range:
    start: 301
    end: 330
