---
source: tests/edit.rs
expression: flake_edit.apply_change(change).unwrap().unwrap()
info:
  flake_nix: ""
  changes: []
---
{
  description = "flat nested flat test";
  inputs.flake-utils.url = "github:numtide/flake-utils/master";
  inputs.poetry2nix = {
    inputs.flake-utils.follows = "flake-utils";
    inputs.nixpkgs.follows = "nixpkgs";
    url = "github:nix-community/poetry2nix/master";
  };

  outputs = { self, nixpkgs, flake-utils, poetry2nix, }: { };
}
