---
source: tests/edit.rs
expression: change.to_string()
info:
  flake_nix: ""
  changes:
    - Remove:
        id: nixpkgs
---
{
  description = "Manage your flake inputs comfortably.";

  inputs = {

    flake-utelinos.url = "github:numtide/flake-utils";

    rust-overlay = {
      url = "github:oxalica/rust-overlay";
      inputs.nixpkgs.follows = "nixpkgs";
      inputs.flake-utils.follows = "flake-utils";
    };
    crane = {
      url = "github:ipetkov/crane";
      inputs.nixpkgs.follows = "nixpkgs";
      inputs.rust-overlay.follows = "rust-overlay";
      inputs.flake-utils.follows = "flake-utils";
    };
  };

  outputs = _: {};
}

