---
source: tests/edit.rs
expression: change.to_string()
info:
  flake_nix: ""
  changes:
    - Add:
        id: not_a_flake
        uri: "github:a-kenji/not_a_flake"
        flake: false
---
{
  description = "Manage your flake inputs comfortably.";

  inputs = {
    not_a_flake.url = "github:a-kenji/not_a_flake";
    not_a_flake.flake = false;
    nixpkgs.url = "github:nixos/nixpkgs/nixos-unstable";

    flake-utelinos.url = "github:numtide/flake-utils";

    rust-overlay = {
      url = "github:oxalica/rust-overlay";
      inputs = {
        nixpkgs.follows = "nixpkgs";
        flake-utils.follows = "flake-utils";
      };
    };
    crane = {
      url = "github:ipetkov/crane";
      inputs = {
        nixpkgs.follows = "nixpkgs";
        rust-overlay.follows = "rust-overlay";
        flake-utils.follows = "flake-utils";
      };
    };
  };

  outputs = _: { };
}
