---
source: tests/edit.rs
expression: flake_edit.list()
info:
  flake_nix: ""
  changes:
    - None
---
crane:
  id: crane
  flake: true
  url: "\"github:ipetkov/crane\""
  follows:
    - Indirect:
        - flake-utils
        - "\"flake-utils\""
    - Indirect:
        - nixpkgs
        - "\"nixpkgs\""
    - Indirect:
        - rust-overlay
        - "\"rust-overlay\""
  range:
    start: 369
    end: 374
flake-utelinos:
  id: flake-utelinos
  flake: true
  url: "\"github:numtide/flake-utils\""
  follows: []
  range:
    start: 126
    end: 140
nixpkgs:
  id: nixpkgs
  flake: true
  url: "\"github:nixos/nixpkgs/nixos-unstable\""
  follows: []
  range:
    start: 64
    end: 71
not-a-flake:
  id: not-a-flake
  flake: true
  url: "\"github:a-kenji/not-a-flake\""
  follows: []
  range:
    start: 585
    end: 596
rust-overlay:
  id: rust-overlay
  flake: true
  url: "\"github:oxalica/rust-overlay\""
  follows:
    - Indirect:
        - flake-utils
        - "\"flake-utils\""
    - Indirect:
        - nixpkgs
        - "\"nixpkgs\""
  range:
    start: 186
    end: 198
