---
source: src/lib.rs
expression: state.inputs
---
crane:
  id: crane
  flake: true
  url: "github:nix-community/crane"
  follows: []
nixpkgs:
  id: nixpkgs
  flake: true
  url: "github:nixos/nixpkgs"
  follows: []

